
Clover EFI installer log - Mon Nov  5 22:54:45 +07 2018
Installer version: v2.4k r4722 EFI bootloader
======================================================
/dev/disk0 (internal, physical):
   #:                       TYPE NAME                    SIZE       IDENTIFIER
   0:      GUID_partition_scheme                        *275.1 GB   disk0
   1:         Microsoft Reserved                         16.8 MB    disk0s1
   2:       Microsoft Basic Data Windows 10              167.7 GB   disk0s2
   3:                 Apple_APFS Container disk2         106.8 GB   disk0s3
   4:                        EFI SYSTEM                  209.7 MB   disk0s4
   5:         Microsoft Reserved                         134.2 MB   disk0s5

/dev/disk1 (internal, physical):
   #:                       TYPE NAME                    SIZE       IDENTIFIER
   0:      GUID_partition_scheme                        *1.0 TB     disk1
   1:           Windows Recovery                         471.9 MB   disk1s1
   2:         Microsoft Reserved                         16.8 MB    disk1s2
   3:       Microsoft Basic Data DATA 1                  198.0 GB   disk1s3
   4:                  Apple_HFS DATA Hackintosh         344.6 GB   disk1s4
   5:                 Apple_APFS Container disk3         53.7 GB    disk1s5
   6:       Microsoft Basic Data DATA 3                  402.7 GB   disk1s6
   7:                        EFI SYSTEM                  419.4 MB   disk1s7

/dev/disk2 (synthesized):
   #:                       TYPE NAME                    SIZE       IDENTIFIER
   0:      APFS Container Scheme -                      +106.8 GB   disk2
                                 Physical Store disk0s3
   1:                APFS Volume macos                   85.3 GB    disk2s1
   2:                APFS Volume Preboot                 87.6 MB    disk2s2
   3:                APFS Volume Recovery                1.5 GB     disk2s3
   4:                APFS Volume VM                      1.1 GB     disk2s4

/dev/disk3 (synthesized):
   #:                       TYPE NAME                    SIZE       IDENTIFIER
   0:      APFS Container Scheme -                      +53.7 GB    disk3
                                 Physical Store disk1s5
   1:                APFS Volume DATA 2                  13.6 GB    disk3s1
   2:                APFS Volume Preboot                 23.6 MB    disk3s2
   3:                APFS Volume Recovery                508.3 MB   disk3s3
   4:                APFS Volume VM                      4.3 GB     disk3s4

======================================================
Backing up EFI files

Backing up stage2 file /Volumes/macos/EFIROOTDIR/boot  to /Volumes/macos/EFI-Backups/r4674/2018-11-05-22h54/boot
Backing up /Volumes/macos/EFIROOTDIR/EFI folder to /Volumes/macos/EFI-Backups/r4674/2018-11-05-22h54/EFI
======================================================
Installing BootSectors/BootLoader

Stage 0 - Don't write any of boot0af, boot0md, boot0ss to /
Stage 1 - Don't write any of boot1h2, boot1f32alt, boot1xalt to /
Stage 2 - Written boot6 (x64) to //boot

======================================================
=========== Clover EFI Installation Finish ===========
======================================================
